// Jest Snapshot v1, https://goo.gl/fbAQLP

exports[`matches snapshot 1`] = `
ShallowWrapper {
  "length": 1,
  Symbol(enzyme.__root__): [Circular],
  Symbol(enzyme.__unrendered__): <App />,
  Symbol(enzyme.__renderer__): Object {
    "batchedUpdates": [Function],
    "getNode": [Function],
    "render": [Function],
    "simulateEvent": [Function],
    "unmount": [Function],
  },
  Symbol(enzyme.__node__): Object {
    "instance": null,
    "key": undefined,
    "nodeType": "class",
    "props": Object {
      "children": Array [
        <Map
          activeMarkerId={null}
          followPosition={true}
          marker={Array []}
          onMarkerPressed={[Function]}
          position={
            Object {
              "coords": Object {
                "altitude": 0,
                "latitude": 50,
                "longitude": 10,
                "speed": 1000,
              },
            }
          }
          route={null}
          zoom={null}
        />,
        <Component
          style={
            Object {
              "bottom": 0,
              "left": 0,
              "position": "absolute",
              "right": 0,
              "top": "auto",
            }
          }
        >
          <Bikecomputer
            altitude={0}
            speed={1000}
          />
          <Toolbar
            followUserLocation={true}
            onToggleShowMenu={[Function]}
            onToggleShowSearch={[Function]}
            onToggleUserLocation={[Function]}
          />
        </Component>,
        <Component
          style={
            Object {
              "bottom": 0,
              "left": 0,
              "position": "absolute",
              "right": 0,
              "top": 0,
            }
          }
        />,
        <Component
          style={
            Object {
              "bottom": 51,
              "flexDirection": "column",
              "position": "absolute",
              "right": 0,
              "top": 0,
            }
          }
        >
          <ToolbarVertical
            items={
              Array [
                <Button
                  iconName="landscape"
                  onPress={[Function]}
                  outline={true}
                />,
                <Button
                  iconName="exposure-plus-1"
                  onPress={[Function]}
                  outline={true}
                />,
                <Button
                  iconName="exposure-zero"
                  onPress={[Function]}
                  outline={true}
                />,
                <Button
                  iconName="exposure-neg-1"
                  onPress={[Function]}
                  outline={true}
                />,
                <Button
                  iconName="local-florist"
                  onPress={[Function]}
                  outline={true}
                />,
              ]
            }
          />
        </Component>,
      ],
      "style": Object {
        "bottom": 0,
        "left": 0,
        "position": "absolute",
        "right": 0,
        "top": 0,
      },
    },
    "ref": null,
    "rendered": Array [
      Object {
        "instance": null,
        "key": undefined,
        "nodeType": "class",
        "props": Object {
          "activeMarkerId": null,
          "followPosition": true,
          "marker": Array [],
          "onMarkerPressed": [Function],
          "position": Object {
            "coords": Object {
              "altitude": 0,
              "latitude": 50,
              "longitude": 10,
              "speed": 1000,
            },
          },
          "route": null,
          "zoom": null,
        },
        "ref": null,
        "rendered": null,
        "type": [Function],
      },
      Object {
        "instance": null,
        "key": undefined,
        "nodeType": "class",
        "props": Object {
          "children": Array [
            <Bikecomputer
              altitude={0}
              speed={1000}
            />,
            <Toolbar
              followUserLocation={true}
              onToggleShowMenu={[Function]}
              onToggleShowSearch={[Function]}
              onToggleUserLocation={[Function]}
            />,
          ],
          "style": Object {
            "bottom": 0,
            "left": 0,
            "position": "absolute",
            "right": 0,
            "top": "auto",
          },
        },
        "ref": null,
        "rendered": Array [
          Object {
            "instance": null,
            "key": undefined,
            "nodeType": "function",
            "props": Object {
              "altitude": 0,
              "speed": 1000,
            },
            "ref": null,
            "rendered": null,
            "type": [Function],
          },
          Object {
            "instance": null,
            "key": undefined,
            "nodeType": "function",
            "props": Object {
              "followUserLocation": true,
              "onToggleShowMenu": [Function],
              "onToggleShowSearch": [Function],
              "onToggleUserLocation": [Function],
            },
            "ref": null,
            "rendered": null,
            "type": [Function],
          },
        ],
        "type": [Function],
      },
      Object {
        "instance": null,
        "key": undefined,
        "nodeType": "class",
        "props": Object {
          "children": Array [
            null,
            false,
            false,
          ],
          "style": Object {
            "bottom": 0,
            "left": 0,
            "position": "absolute",
            "right": 0,
            "top": 0,
          },
        },
        "ref": null,
        "rendered": Array [
          null,
          false,
          false,
        ],
        "type": [Function],
      },
      Object {
        "instance": null,
        "key": undefined,
        "nodeType": "class",
        "props": Object {
          "children": <ToolbarVertical
            items={
              Array [
                <Button
                  iconName="landscape"
                  onPress={[Function]}
                  outline={true}
                />,
                <Button
                  iconName="exposure-plus-1"
                  onPress={[Function]}
                  outline={true}
                />,
                <Button
                  iconName="exposure-zero"
                  onPress={[Function]}
                  outline={true}
                />,
                <Button
                  iconName="exposure-neg-1"
                  onPress={[Function]}
                  outline={true}
                />,
                <Button
                  iconName="local-florist"
                  onPress={[Function]}
                  outline={true}
                />,
              ]
            }
          />,
          "style": Object {
            "bottom": 51,
            "flexDirection": "column",
            "position": "absolute",
            "right": 0,
            "top": 0,
          },
        },
        "ref": null,
        "rendered": Object {
          "instance": null,
          "key": undefined,
          "nodeType": "function",
          "props": Object {
            "items": Array [
              <Button
                iconName="landscape"
                onPress={[Function]}
                outline={true}
              />,
              <Button
                iconName="exposure-plus-1"
                onPress={[Function]}
                outline={true}
              />,
              <Button
                iconName="exposure-zero"
                onPress={[Function]}
                outline={true}
              />,
              <Button
                iconName="exposure-neg-1"
                onPress={[Function]}
                outline={true}
              />,
              <Button
                iconName="local-florist"
                onPress={[Function]}
                outline={true}
              />,
            ],
          },
          "ref": null,
          "rendered": null,
          "type": [Function],
        },
        "type": [Function],
      },
    ],
    "type": [Function],
  },
  Symbol(enzyme.__nodes__): Array [
    Object {
      "instance": null,
      "key": undefined,
      "nodeType": "class",
      "props": Object {
        "children": Array [
          <Map
            activeMarkerId={null}
            followPosition={true}
            marker={Array []}
            onMarkerPressed={[Function]}
            position={
              Object {
                "coords": Object {
                  "altitude": 0,
                  "latitude": 50,
                  "longitude": 10,
                  "speed": 1000,
                },
              }
            }
            route={null}
            zoom={null}
          />,
          <Component
            style={
              Object {
                "bottom": 0,
                "left": 0,
                "position": "absolute",
                "right": 0,
                "top": "auto",
              }
            }
          >
            <Bikecomputer
              altitude={0}
              speed={1000}
            />
            <Toolbar
              followUserLocation={true}
              onToggleShowMenu={[Function]}
              onToggleShowSearch={[Function]}
              onToggleUserLocation={[Function]}
            />
          </Component>,
          <Component
            style={
              Object {
                "bottom": 0,
                "left": 0,
                "position": "absolute",
                "right": 0,
                "top": 0,
              }
            }
          />,
          <Component
            style={
              Object {
                "bottom": 51,
                "flexDirection": "column",
                "position": "absolute",
                "right": 0,
                "top": 0,
              }
            }
          >
            <ToolbarVertical
              items={
                Array [
                  <Button
                    iconName="landscape"
                    onPress={[Function]}
                    outline={true}
                  />,
                  <Button
                    iconName="exposure-plus-1"
                    onPress={[Function]}
                    outline={true}
                  />,
                  <Button
                    iconName="exposure-zero"
                    onPress={[Function]}
                    outline={true}
                  />,
                  <Button
                    iconName="exposure-neg-1"
                    onPress={[Function]}
                    outline={true}
                  />,
                  <Button
                    iconName="local-florist"
                    onPress={[Function]}
                    outline={true}
                  />,
                ]
              }
            />
          </Component>,
        ],
        "style": Object {
          "bottom": 0,
          "left": 0,
          "position": "absolute",
          "right": 0,
          "top": 0,
        },
      },
      "ref": null,
      "rendered": Array [
        Object {
          "instance": null,
          "key": undefined,
          "nodeType": "class",
          "props": Object {
            "activeMarkerId": null,
            "followPosition": true,
            "marker": Array [],
            "onMarkerPressed": [Function],
            "position": Object {
              "coords": Object {
                "altitude": 0,
                "latitude": 50,
                "longitude": 10,
                "speed": 1000,
              },
            },
            "route": null,
            "zoom": null,
          },
          "ref": null,
          "rendered": null,
          "type": [Function],
        },
        Object {
          "instance": null,
          "key": undefined,
          "nodeType": "class",
          "props": Object {
            "children": Array [
              <Bikecomputer
                altitude={0}
                speed={1000}
              />,
              <Toolbar
                followUserLocation={true}
                onToggleShowMenu={[Function]}
                onToggleShowSearch={[Function]}
                onToggleUserLocation={[Function]}
              />,
            ],
            "style": Object {
              "bottom": 0,
              "left": 0,
              "position": "absolute",
              "right": 0,
              "top": "auto",
            },
          },
          "ref": null,
          "rendered": Array [
            Object {
              "instance": null,
              "key": undefined,
              "nodeType": "function",
              "props": Object {
                "altitude": 0,
                "speed": 1000,
              },
              "ref": null,
              "rendered": null,
              "type": [Function],
            },
            Object {
              "instance": null,
              "key": undefined,
              "nodeType": "function",
              "props": Object {
                "followUserLocation": true,
                "onToggleShowMenu": [Function],
                "onToggleShowSearch": [Function],
                "onToggleUserLocation": [Function],
              },
              "ref": null,
              "rendered": null,
              "type": [Function],
            },
          ],
          "type": [Function],
        },
        Object {
          "instance": null,
          "key": undefined,
          "nodeType": "class",
          "props": Object {
            "children": Array [
              null,
              false,
              false,
            ],
            "style": Object {
              "bottom": 0,
              "left": 0,
              "position": "absolute",
              "right": 0,
              "top": 0,
            },
          },
          "ref": null,
          "rendered": Array [
            null,
            false,
            false,
          ],
          "type": [Function],
        },
        Object {
          "instance": null,
          "key": undefined,
          "nodeType": "class",
          "props": Object {
            "children": <ToolbarVertical
              items={
                Array [
                  <Button
                    iconName="landscape"
                    onPress={[Function]}
                    outline={true}
                  />,
                  <Button
                    iconName="exposure-plus-1"
                    onPress={[Function]}
                    outline={true}
                  />,
                  <Button
                    iconName="exposure-zero"
                    onPress={[Function]}
                    outline={true}
                  />,
                  <Button
                    iconName="exposure-neg-1"
                    onPress={[Function]}
                    outline={true}
                  />,
                  <Button
                    iconName="local-florist"
                    onPress={[Function]}
                    outline={true}
                  />,
                ]
              }
            />,
            "style": Object {
              "bottom": 51,
              "flexDirection": "column",
              "position": "absolute",
              "right": 0,
              "top": 0,
            },
          },
          "ref": null,
          "rendered": Object {
            "instance": null,
            "key": undefined,
            "nodeType": "function",
            "props": Object {
              "items": Array [
                <Button
                  iconName="landscape"
                  onPress={[Function]}
                  outline={true}
                />,
                <Button
                  iconName="exposure-plus-1"
                  onPress={[Function]}
                  outline={true}
                />,
                <Button
                  iconName="exposure-zero"
                  onPress={[Function]}
                  outline={true}
                />,
                <Button
                  iconName="exposure-neg-1"
                  onPress={[Function]}
                  outline={true}
                />,
                <Button
                  iconName="local-florist"
                  onPress={[Function]}
                  outline={true}
                />,
              ],
            },
            "ref": null,
            "rendered": null,
            "type": [Function],
          },
          "type": [Function],
        },
      ],
      "type": [Function],
    },
  ],
  Symbol(enzyme.__options__): Object {
    "adapter": ReactSixteenAdapter {
      "options": Object {
        "enableComponentDidUpdateOnSetState": true,
      },
    },
  },
}
`;
