// Jest Snapshot v1, https://goo.gl/fbAQLP

exports[`matches snapshot with new props 1`] = `
ShallowWrapper {
  "length": 1,
  Symbol(enzyme.__root__): [Circular],
  Symbol(enzyme.__unrendered__): <Bikecomputer
    altitude={10}
    speed={10}
  />,
  Symbol(enzyme.__renderer__): Object {
    "batchedUpdates": [Function],
    "getNode": [Function],
    "render": [Function],
    "simulateEvent": [Function],
    "unmount": [Function],
  },
  Symbol(enzyme.__node__): Object {
    "instance": null,
    "key": undefined,
    "nodeType": "class",
    "props": Object {
      "children": Array [
        <Component
          style={
            Object {
              "alignItems": "center",
              "flex": 1,
              "justifyContent": "center",
              "padding": 10,
            }
          }
        >
          <Text
            accessible={true}
            allowFontScaling={true}
            ellipsizeMode="tail"
            style={
              Object {
                "fontSize": 10,
              }
            }
          >
            Speed
          </Text>
          <Text
            accessible={true}
            allowFontScaling={true}
            ellipsizeMode="tail"
            style={Object {}}
          >
            36 km/h
          </Text>
        </Component>,
        <Component
          style={
            Object {
              "alignItems": "center",
              "flex": 1,
              "justifyContent": "center",
              "padding": 10,
            }
          }
        >
          <Text
            accessible={true}
            allowFontScaling={true}
            ellipsizeMode="tail"
            style={
              Object {
                "fontSize": 10,
              }
            }
          >
            Altitude
          </Text>
          <Text
            accessible={true}
            allowFontScaling={true}
            ellipsizeMode="tail"
            style={Object {}}
          >
            10 m
          </Text>
        </Component>,
      ],
      "style": Object {
        "backgroundColor": "rgba(255,255,255,.9)",
        "borderBottomColor": "#eee",
        "borderBottomWidth": 1,
        "flex": 1,
        "flexDirection": "row",
        "paddingBottom": 5,
        "paddingTop": 5,
      },
    },
    "ref": null,
    "rendered": Array [
      Object {
        "instance": null,
        "key": undefined,
        "nodeType": "class",
        "props": Object {
          "children": Array [
            <Text
              accessible={true}
              allowFontScaling={true}
              ellipsizeMode="tail"
              style={
                Object {
                  "fontSize": 10,
                }
              }
            >
              Speed
            </Text>,
            <Text
              accessible={true}
              allowFontScaling={true}
              ellipsizeMode="tail"
              style={Object {}}
            >
              36 km/h
            </Text>,
          ],
          "style": Object {
            "alignItems": "center",
            "flex": 1,
            "justifyContent": "center",
            "padding": 10,
          },
        },
        "ref": null,
        "rendered": Array [
          Object {
            "instance": null,
            "key": undefined,
            "nodeType": "class",
            "props": Object {
              "accessible": true,
              "allowFontScaling": true,
              "children": "Speed",
              "ellipsizeMode": "tail",
              "style": Object {
                "fontSize": 10,
              },
            },
            "ref": null,
            "rendered": "Speed",
            "type": [Function],
          },
          Object {
            "instance": null,
            "key": undefined,
            "nodeType": "class",
            "props": Object {
              "accessible": true,
              "allowFontScaling": true,
              "children": "36 km/h",
              "ellipsizeMode": "tail",
              "style": Object {},
            },
            "ref": null,
            "rendered": "36 km/h",
            "type": [Function],
          },
        ],
        "type": [Function],
      },
      Object {
        "instance": null,
        "key": undefined,
        "nodeType": "class",
        "props": Object {
          "children": Array [
            <Text
              accessible={true}
              allowFontScaling={true}
              ellipsizeMode="tail"
              style={
                Object {
                  "fontSize": 10,
                }
              }
            >
              Altitude
            </Text>,
            <Text
              accessible={true}
              allowFontScaling={true}
              ellipsizeMode="tail"
              style={Object {}}
            >
              10 m
            </Text>,
          ],
          "style": Object {
            "alignItems": "center",
            "flex": 1,
            "justifyContent": "center",
            "padding": 10,
          },
        },
        "ref": null,
        "rendered": Array [
          Object {
            "instance": null,
            "key": undefined,
            "nodeType": "class",
            "props": Object {
              "accessible": true,
              "allowFontScaling": true,
              "children": "Altitude",
              "ellipsizeMode": "tail",
              "style": Object {
                "fontSize": 10,
              },
            },
            "ref": null,
            "rendered": "Altitude",
            "type": [Function],
          },
          Object {
            "instance": null,
            "key": undefined,
            "nodeType": "class",
            "props": Object {
              "accessible": true,
              "allowFontScaling": true,
              "children": "10 m",
              "ellipsizeMode": "tail",
              "style": Object {},
            },
            "ref": null,
            "rendered": "10 m",
            "type": [Function],
          },
        ],
        "type": [Function],
      },
    ],
    "type": [Function],
  },
  Symbol(enzyme.__nodes__): Array [
    Object {
      "instance": null,
      "key": undefined,
      "nodeType": "class",
      "props": Object {
        "children": Array [
          <Component
            style={
              Object {
                "alignItems": "center",
                "flex": 1,
                "justifyContent": "center",
                "padding": 10,
              }
            }
          >
            <Text
              accessible={true}
              allowFontScaling={true}
              ellipsizeMode="tail"
              style={
                Object {
                  "fontSize": 10,
                }
              }
            >
              Speed
            </Text>
            <Text
              accessible={true}
              allowFontScaling={true}
              ellipsizeMode="tail"
              style={Object {}}
            >
              36 km/h
            </Text>
          </Component>,
          <Component
            style={
              Object {
                "alignItems": "center",
                "flex": 1,
                "justifyContent": "center",
                "padding": 10,
              }
            }
          >
            <Text
              accessible={true}
              allowFontScaling={true}
              ellipsizeMode="tail"
              style={
                Object {
                  "fontSize": 10,
                }
              }
            >
              Altitude
            </Text>
            <Text
              accessible={true}
              allowFontScaling={true}
              ellipsizeMode="tail"
              style={Object {}}
            >
              10 m
            </Text>
          </Component>,
        ],
        "style": Object {
          "backgroundColor": "rgba(255,255,255,.9)",
          "borderBottomColor": "#eee",
          "borderBottomWidth": 1,
          "flex": 1,
          "flexDirection": "row",
          "paddingBottom": 5,
          "paddingTop": 5,
        },
      },
      "ref": null,
      "rendered": Array [
        Object {
          "instance": null,
          "key": undefined,
          "nodeType": "class",
          "props": Object {
            "children": Array [
              <Text
                accessible={true}
                allowFontScaling={true}
                ellipsizeMode="tail"
                style={
                  Object {
                    "fontSize": 10,
                  }
                }
              >
                Speed
              </Text>,
              <Text
                accessible={true}
                allowFontScaling={true}
                ellipsizeMode="tail"
                style={Object {}}
              >
                36 km/h
              </Text>,
            ],
            "style": Object {
              "alignItems": "center",
              "flex": 1,
              "justifyContent": "center",
              "padding": 10,
            },
          },
          "ref": null,
          "rendered": Array [
            Object {
              "instance": null,
              "key": undefined,
              "nodeType": "class",
              "props": Object {
                "accessible": true,
                "allowFontScaling": true,
                "children": "Speed",
                "ellipsizeMode": "tail",
                "style": Object {
                  "fontSize": 10,
                },
              },
              "ref": null,
              "rendered": "Speed",
              "type": [Function],
            },
            Object {
              "instance": null,
              "key": undefined,
              "nodeType": "class",
              "props": Object {
                "accessible": true,
                "allowFontScaling": true,
                "children": "36 km/h",
                "ellipsizeMode": "tail",
                "style": Object {},
              },
              "ref": null,
              "rendered": "36 km/h",
              "type": [Function],
            },
          ],
          "type": [Function],
        },
        Object {
          "instance": null,
          "key": undefined,
          "nodeType": "class",
          "props": Object {
            "children": Array [
              <Text
                accessible={true}
                allowFontScaling={true}
                ellipsizeMode="tail"
                style={
                  Object {
                    "fontSize": 10,
                  }
                }
              >
                Altitude
              </Text>,
              <Text
                accessible={true}
                allowFontScaling={true}
                ellipsizeMode="tail"
                style={Object {}}
              >
                10 m
              </Text>,
            ],
            "style": Object {
              "alignItems": "center",
              "flex": 1,
              "justifyContent": "center",
              "padding": 10,
            },
          },
          "ref": null,
          "rendered": Array [
            Object {
              "instance": null,
              "key": undefined,
              "nodeType": "class",
              "props": Object {
                "accessible": true,
                "allowFontScaling": true,
                "children": "Altitude",
                "ellipsizeMode": "tail",
                "style": Object {
                  "fontSize": 10,
                },
              },
              "ref": null,
              "rendered": "Altitude",
              "type": [Function],
            },
            Object {
              "instance": null,
              "key": undefined,
              "nodeType": "class",
              "props": Object {
                "accessible": true,
                "allowFontScaling": true,
                "children": "10 m",
                "ellipsizeMode": "tail",
                "style": Object {},
              },
              "ref": null,
              "rendered": "10 m",
              "type": [Function],
            },
          ],
          "type": [Function],
        },
      ],
      "type": [Function],
    },
  ],
  Symbol(enzyme.__options__): Object {
    "adapter": ReactSixteenAdapter {
      "options": Object {
        "enableComponentDidUpdateOnSetState": true,
      },
    },
  },
}
`;

exports[`matches snapshots 1`] = `
ShallowWrapper {
  "length": 1,
  Symbol(enzyme.__root__): [Circular],
  Symbol(enzyme.__unrendered__): <Bikecomputer
    altitude={10}
    speed={10}
  />,
  Symbol(enzyme.__renderer__): Object {
    "batchedUpdates": [Function],
    "getNode": [Function],
    "render": [Function],
    "simulateEvent": [Function],
    "unmount": [Function],
  },
  Symbol(enzyme.__node__): Object {
    "instance": null,
    "key": undefined,
    "nodeType": "class",
    "props": Object {
      "children": Array [
        <Component
          style={
            Object {
              "alignItems": "center",
              "flex": 1,
              "justifyContent": "center",
              "padding": 10,
            }
          }
        >
          <Text
            accessible={true}
            allowFontScaling={true}
            ellipsizeMode="tail"
            style={
              Object {
                "fontSize": 10,
              }
            }
          >
            Speed
          </Text>
          <Text
            accessible={true}
            allowFontScaling={true}
            ellipsizeMode="tail"
            style={Object {}}
          >
            36 km/h
          </Text>
        </Component>,
        <Component
          style={
            Object {
              "alignItems": "center",
              "flex": 1,
              "justifyContent": "center",
              "padding": 10,
            }
          }
        >
          <Text
            accessible={true}
            allowFontScaling={true}
            ellipsizeMode="tail"
            style={
              Object {
                "fontSize": 10,
              }
            }
          >
            Altitude
          </Text>
          <Text
            accessible={true}
            allowFontScaling={true}
            ellipsizeMode="tail"
            style={Object {}}
          >
            10 m
          </Text>
        </Component>,
      ],
      "style": Object {
        "backgroundColor": "rgba(255,255,255,.9)",
        "borderBottomColor": "#eee",
        "borderBottomWidth": 1,
        "flex": 1,
        "flexDirection": "row",
        "paddingBottom": 5,
        "paddingTop": 5,
      },
    },
    "ref": null,
    "rendered": Array [
      Object {
        "instance": null,
        "key": undefined,
        "nodeType": "class",
        "props": Object {
          "children": Array [
            <Text
              accessible={true}
              allowFontScaling={true}
              ellipsizeMode="tail"
              style={
                Object {
                  "fontSize": 10,
                }
              }
            >
              Speed
            </Text>,
            <Text
              accessible={true}
              allowFontScaling={true}
              ellipsizeMode="tail"
              style={Object {}}
            >
              36 km/h
            </Text>,
          ],
          "style": Object {
            "alignItems": "center",
            "flex": 1,
            "justifyContent": "center",
            "padding": 10,
          },
        },
        "ref": null,
        "rendered": Array [
          Object {
            "instance": null,
            "key": undefined,
            "nodeType": "class",
            "props": Object {
              "accessible": true,
              "allowFontScaling": true,
              "children": "Speed",
              "ellipsizeMode": "tail",
              "style": Object {
                "fontSize": 10,
              },
            },
            "ref": null,
            "rendered": "Speed",
            "type": [Function],
          },
          Object {
            "instance": null,
            "key": undefined,
            "nodeType": "class",
            "props": Object {
              "accessible": true,
              "allowFontScaling": true,
              "children": "36 km/h",
              "ellipsizeMode": "tail",
              "style": Object {},
            },
            "ref": null,
            "rendered": "36 km/h",
            "type": [Function],
          },
        ],
        "type": [Function],
      },
      Object {
        "instance": null,
        "key": undefined,
        "nodeType": "class",
        "props": Object {
          "children": Array [
            <Text
              accessible={true}
              allowFontScaling={true}
              ellipsizeMode="tail"
              style={
                Object {
                  "fontSize": 10,
                }
              }
            >
              Altitude
            </Text>,
            <Text
              accessible={true}
              allowFontScaling={true}
              ellipsizeMode="tail"
              style={Object {}}
            >
              10 m
            </Text>,
          ],
          "style": Object {
            "alignItems": "center",
            "flex": 1,
            "justifyContent": "center",
            "padding": 10,
          },
        },
        "ref": null,
        "rendered": Array [
          Object {
            "instance": null,
            "key": undefined,
            "nodeType": "class",
            "props": Object {
              "accessible": true,
              "allowFontScaling": true,
              "children": "Altitude",
              "ellipsizeMode": "tail",
              "style": Object {
                "fontSize": 10,
              },
            },
            "ref": null,
            "rendered": "Altitude",
            "type": [Function],
          },
          Object {
            "instance": null,
            "key": undefined,
            "nodeType": "class",
            "props": Object {
              "accessible": true,
              "allowFontScaling": true,
              "children": "10 m",
              "ellipsizeMode": "tail",
              "style": Object {},
            },
            "ref": null,
            "rendered": "10 m",
            "type": [Function],
          },
        ],
        "type": [Function],
      },
    ],
    "type": [Function],
  },
  Symbol(enzyme.__nodes__): Array [
    Object {
      "instance": null,
      "key": undefined,
      "nodeType": "class",
      "props": Object {
        "children": Array [
          <Component
            style={
              Object {
                "alignItems": "center",
                "flex": 1,
                "justifyContent": "center",
                "padding": 10,
              }
            }
          >
            <Text
              accessible={true}
              allowFontScaling={true}
              ellipsizeMode="tail"
              style={
                Object {
                  "fontSize": 10,
                }
              }
            >
              Speed
            </Text>
            <Text
              accessible={true}
              allowFontScaling={true}
              ellipsizeMode="tail"
              style={Object {}}
            >
              36 km/h
            </Text>
          </Component>,
          <Component
            style={
              Object {
                "alignItems": "center",
                "flex": 1,
                "justifyContent": "center",
                "padding": 10,
              }
            }
          >
            <Text
              accessible={true}
              allowFontScaling={true}
              ellipsizeMode="tail"
              style={
                Object {
                  "fontSize": 10,
                }
              }
            >
              Altitude
            </Text>
            <Text
              accessible={true}
              allowFontScaling={true}
              ellipsizeMode="tail"
              style={Object {}}
            >
              10 m
            </Text>
          </Component>,
        ],
        "style": Object {
          "backgroundColor": "rgba(255,255,255,.9)",
          "borderBottomColor": "#eee",
          "borderBottomWidth": 1,
          "flex": 1,
          "flexDirection": "row",
          "paddingBottom": 5,
          "paddingTop": 5,
        },
      },
      "ref": null,
      "rendered": Array [
        Object {
          "instance": null,
          "key": undefined,
          "nodeType": "class",
          "props": Object {
            "children": Array [
              <Text
                accessible={true}
                allowFontScaling={true}
                ellipsizeMode="tail"
                style={
                  Object {
                    "fontSize": 10,
                  }
                }
              >
                Speed
              </Text>,
              <Text
                accessible={true}
                allowFontScaling={true}
                ellipsizeMode="tail"
                style={Object {}}
              >
                36 km/h
              </Text>,
            ],
            "style": Object {
              "alignItems": "center",
              "flex": 1,
              "justifyContent": "center",
              "padding": 10,
            },
          },
          "ref": null,
          "rendered": Array [
            Object {
              "instance": null,
              "key": undefined,
              "nodeType": "class",
              "props": Object {
                "accessible": true,
                "allowFontScaling": true,
                "children": "Speed",
                "ellipsizeMode": "tail",
                "style": Object {
                  "fontSize": 10,
                },
              },
              "ref": null,
              "rendered": "Speed",
              "type": [Function],
            },
            Object {
              "instance": null,
              "key": undefined,
              "nodeType": "class",
              "props": Object {
                "accessible": true,
                "allowFontScaling": true,
                "children": "36 km/h",
                "ellipsizeMode": "tail",
                "style": Object {},
              },
              "ref": null,
              "rendered": "36 km/h",
              "type": [Function],
            },
          ],
          "type": [Function],
        },
        Object {
          "instance": null,
          "key": undefined,
          "nodeType": "class",
          "props": Object {
            "children": Array [
              <Text
                accessible={true}
                allowFontScaling={true}
                ellipsizeMode="tail"
                style={
                  Object {
                    "fontSize": 10,
                  }
                }
              >
                Altitude
              </Text>,
              <Text
                accessible={true}
                allowFontScaling={true}
                ellipsizeMode="tail"
                style={Object {}}
              >
                10 m
              </Text>,
            ],
            "style": Object {
              "alignItems": "center",
              "flex": 1,
              "justifyContent": "center",
              "padding": 10,
            },
          },
          "ref": null,
          "rendered": Array [
            Object {
              "instance": null,
              "key": undefined,
              "nodeType": "class",
              "props": Object {
                "accessible": true,
                "allowFontScaling": true,
                "children": "Altitude",
                "ellipsizeMode": "tail",
                "style": Object {
                  "fontSize": 10,
                },
              },
              "ref": null,
              "rendered": "Altitude",
              "type": [Function],
            },
            Object {
              "instance": null,
              "key": undefined,
              "nodeType": "class",
              "props": Object {
                "accessible": true,
                "allowFontScaling": true,
                "children": "10 m",
                "ellipsizeMode": "tail",
                "style": Object {},
              },
              "ref": null,
              "rendered": "10 m",
              "type": [Function],
            },
          ],
          "type": [Function],
        },
      ],
      "type": [Function],
    },
  ],
  Symbol(enzyme.__options__): Object {
    "adapter": ReactSixteenAdapter {
      "options": Object {
        "enableComponentDidUpdateOnSetState": true,
      },
    },
  },
}
`;
