// Jest Snapshot v1, https://goo.gl/fbAQLP

exports[`matches snapshot 1`] = `
ShallowWrapper {
  "length": 1,
  Symbol(enzyme.__root__): [Circular],
  Symbol(enzyme.__unrendered__): <Map
    followPosition={true}
    marker={Array []}
    position={
      Object {
        "coords": Object {
          "latitude": 50,
          "longitude": 50,
        },
      }
    }
  />,
  Symbol(enzyme.__renderer__): Object {
    "batchedUpdates": [Function],
    "getNode": [Function],
    "render": [Function],
    "simulateEvent": [Function],
    "unmount": [Function],
  },
  Symbol(enzyme.__node__): Object {
    "instance": null,
    "key": undefined,
    "nodeType": "class",
    "props": Object {
      "children": Array [
        <MockUrlTile
          urlTemplate="https://tile.thunderforest.com/cycle/{z}/{x}/{y}.png?apikey=your_api_key_here"
          zIndex={-1}
        />,
        Array [],
      ],
      "initialRegion": Object {
        "latitude": 50,
        "latitudeDelta": 0.02,
        "longitude": 50,
        "longitudeDelta": 0.011244377811094454,
      },
      "mapType": "None",
      "onLongPress": [Function],
      "showsUserLocation": true,
      "style": Object {
        "bottom": 0,
        "left": 0,
        "position": "absolute",
        "right": 0,
        "top": 0,
      },
    },
    "ref": [Function],
    "rendered": Array [
      Object {
        "instance": null,
        "key": undefined,
        "nodeType": "class",
        "props": Object {
          "urlTemplate": "https://tile.thunderforest.com/cycle/{z}/{x}/{y}.png?apikey=your_api_key_here",
          "zIndex": -1,
        },
        "ref": null,
        "rendered": null,
        "type": [Function],
      },
    ],
    "type": [Function],
  },
  Symbol(enzyme.__nodes__): Array [
    Object {
      "instance": null,
      "key": undefined,
      "nodeType": "class",
      "props": Object {
        "children": Array [
          <MockUrlTile
            urlTemplate="https://tile.thunderforest.com/cycle/{z}/{x}/{y}.png?apikey=your_api_key_here"
            zIndex={-1}
          />,
          Array [],
        ],
        "initialRegion": Object {
          "latitude": 50,
          "latitudeDelta": 0.02,
          "longitude": 50,
          "longitudeDelta": 0.011244377811094454,
        },
        "mapType": "None",
        "onLongPress": [Function],
        "showsUserLocation": true,
        "style": Object {
          "bottom": 0,
          "left": 0,
          "position": "absolute",
          "right": 0,
          "top": 0,
        },
      },
      "ref": [Function],
      "rendered": Array [
        Object {
          "instance": null,
          "key": undefined,
          "nodeType": "class",
          "props": Object {
            "urlTemplate": "https://tile.thunderforest.com/cycle/{z}/{x}/{y}.png?apikey=your_api_key_here",
            "zIndex": -1,
          },
          "ref": null,
          "rendered": null,
          "type": [Function],
        },
      ],
      "type": [Function],
    },
  ],
  Symbol(enzyme.__options__): Object {
    "adapter": ReactSixteenAdapter {
      "options": Object {
        "enableComponentDidUpdateOnSetState": true,
      },
    },
  },
}
`;
